// Jest Snapshot v1, https://goo.gl/fbAQLP

exports[`Checkbox specifications should match snapshot 1`] = `
<Checkbox>
  <div>
    <Checkbox
      indeterminate={false}
    >
      <label
        className="ant-checkbox-wrapper"
      >
        <Checkbox
          className=""
          defaultChecked={false}
          onBlur={[Function]}
          onChange={[Function]}
          onFocus={[Function]}
          prefixCls="ant-checkbox"
          style={Object {}}
          type="checkbox"
        >
          <span
            className="ant-checkbox"
            style={Object {}}
          >
            <input
              checked={false}
              className="ant-checkbox-input"
              onBlur={[Function]}
              onChange={[Function]}
              onFocus={[Function]}
              type="checkbox"
            />
            <span
              className="ant-checkbox-inner"
            />
          </span>
        </Checkbox>
      </label>
    </Checkbox>
  </div>
</Checkbox>
`;
